// Jest Snapshot v1, https://goo.gl/fbAQLP

exports[`should match snapshot with hidden options 1`] = `
<div
  className="ne-s-profile-container"
>
  <div
    className="profile-toolbar"
  >
    <div
      aria-describedby={null}
      className="account-logo"
      onMouseLeave={[Function]}
      onMouseOver={[Function]}
      title="Account"
    >
      <svg
        aria-hidden="true"
        className="MuiSvgIcon-root makeStyles-icon-1"
        focusable="false"
        role="presentation"
        viewBox="0 0 24 24"
      >
        <path
          d="M3 5v14c0 1.1.89 2 2 2h14c1.1 0 2-.9 2-2V5c0-1.1-.9-2-2-2H5c-1.11 0-2 .9-2 2zm12 4c0 1.66-1.34 3-3 3s-3-1.34-3-3 1.34-3 3-3 3 1.34 3 3zm-9 8c0-2 4-3.1 6-3.1s6 1.1 6 3.1v1H6v-1z"
        />
      </svg>
    </div>
    <div
      className="ne-s-text-name"
    >
      freja.bear@netent.com
    </div>
    <div
      aria-describedby={null}
      className="ne-s-logout-btn"
      onMouseLeave={[Function]}
      onMouseOver={[Function]}
      title="Logout"
    >
      <svg
        aria-hidden="true"
        className="MuiSvgIcon-root makeStyles-icon-1"
        focusable="false"
        role="presentation"
        viewBox="0 0 24 24"
      >
        <path
          d="M10.09 15.59L11.5 17l5-5-5-5-1.41 1.41L12.67 11H3v2h9.67l-2.58 2.59zM19 3H5c-1.11 0-2 .9-2 2v4h2V5h14v14H5v-4H3v4c0 1.1.89 2 2 2h14c1.1 0 2-.9 2-2V5c0-1.1-.9-2-2-2z"
        />
      </svg>
    </div>
  </div>
</div>
`;
